// Jest Snapshot v1, https://goo.gl/fbAQLP

exports[`Renders Header component 1`] = `
<div
  className={undefined}
>
  <div
    className="container"
  >
    <nav
      className="navbar navbar-expand-lg navbar-light"
    >
      <a
        className="navbar-brand"
        href="/"
      >
        <img
          alt=""
          height="24px"
          src="favicon.ico"
        />
      </a>
      <button
        aria-controls="basic-navbar-nav"
        aria-label="Toggle navigation"
        className="navbar-toggler"
        onClick={[Function]}
        type="button"
      >
        <span
          className="navbar-toggler-icon"
        />
      </button>
      <div
        aria-expanded={null}
        className="justify-content-end navbar-collapse collapse"
        id="basic-navbar-nav"
      >
        <div
          className="navbar-nav"
          onKeyDown={[Function]}
        >
          <a
            aria-controls={undefined}
            className="nav-link"
            data-rb-event-key="/"
            href="/"
            id={undefined}
            onClick={[Function]}
            onKeyDown={[Function]}
          >
            Home
          </a>
          <a
            aria-controls={undefined}
            className="nav-link"
            data-rb-event-key="/"
            href="/"
            id={undefined}
            onClick={[Function]}
            onKeyDown={[Function]}
          >
            About Us
          </a>
          <a
            aria-controls={undefined}
            className="nav-link"
            data-rb-event-key="/"
            href="/"
            id={undefined}
            onClick={[Function]}
            onKeyDown={[Function]}
          >
            Info
          </a>
        </div>
      </div>
    </nav>
    <h1
      className={undefined}
    >
      Save the world with Avenger team
    </h1>
    <h6
      className={undefined}
    >
      Winner winner chicken dinner
    </h6>
  </div>
</div>
`;
